# joern runner console, captured by the Stage 3 sequence ledger
# run_id=w013-20260901T132807Z clone_index=13
# argv=["./harness/bin/run-joern.sh"]
# started=2026-09-01T14:25:10Z ended=2026-09-01T14:41:24Z elapsed_seconds=974.22 exit_status=0
--- stdout ---
tool            : joern
scan root       : /opt/spark-src (from SPARK_SRC)
raw dir         : /tmp/blitzy/blitzy-spark/blitzy-f38258d3-f87d-44f5-bedc-af512c69e0ab-w-013_59d11b/harness/artifacts/raw
log dir         : /tmp/blitzy/blitzy-spark/blitzy-f38258d3-f87d-44f5-bedc-af512c69e0ab-w-013_59d11b/harness/artifacts/logs
allowlist       : /tmp/blitzy/blitzy-spark/blitzy-f38258d3-f87d-44f5-bedc-af512c69e0ab-w-013_59d11b/harness/scope/allowlist.txt (sha256 0013edf6cdc3a48d69aed5d7db41cc6647cfd461d348f5e1d563ba85664143d1)
scope dirs      : 18
start           : 2026-09-01T14:25:10+00:00
cpg             : /tmp/blitzy/blitzy-spark/blitzy-f38258d3-f87d-44f5-bedc-af512c69e0ab-w-013_59d11b/harness/cpg/spark.cpg -> /opt/blitzy-harness/cpg/spark.cpg
cpg bytes       : 541309809
cpg sha256      : 4616845ab2b0de2b8e7d43598de0e18c2302be233149b933af3098b0aa4730c7
jdk             : /opt/blitzy-tools/jdk/jdk-21.0.12.1+1
heap            : 64g
query set       : /tmp/blitzy/blitzy-spark/blitzy-f38258d3-f87d-44f5-bedc-af512c69e0ab-w-013_59d11b/harness/lib/joern-scan.sc (bound 2000 per query)
workspace       : /tmp/blitzy-harness-scratch/13/joern-run (outside the repository; joern writes ./workspace)
exit code       : 0
elapsed seconds : 974
artifact        : /tmp/blitzy/blitzy-spark/blitzy-f38258d3-f87d-44f5-bedc-af512c69e0ab-w-013_59d11b/harness/artifacts/raw/joern.json (354817 bytes)
end             : 2026-09-01T14:41:24+00:00
--- stderr ---
