====================================================================================
STAGE 3 PRE-LOAD GRAPH IDENTITY CHECK
====================================================================================

  Refuses to invoke the Stage 3 Joern runner unless the graph on disk is
  byte-for-byte the graph EVERY record of account describes -- the frontend log
  when this checkout's frontend wrote one, the provisioning record beside the
  graph itself, and always the identity declared by
  harness/ENVIRONMENT.md section 7. Records that disagree
  are fatal and none is preferred for matching. The runner MEASURES and PRINTS
  its input's size and digest, and harness/lib/joern-scan.sc calls importCpg and
  then counts, so without this comparison a mismatch would reach the engine.
  A mismatch here exits 77, and both committed callers refuse on it:
  harness/bin/run-joern.sh -- the canonical direct runner -- runs this gate
  --check-only before it touches its artifact or invokes joern and maps a
  non-zero status to its own configuration fault (78), and
  harness/lib/run-joern-gated.sh has no branch that reaches the runner after a
  non-zero gate. The direct path is therefore bound by this status too, which
  the invocation on record predates.

  Gate source             : harness/lib/preflight_graph_identity.py
  Binding callers         : harness/bin/run-joern.sh (canonical, --check-only)
                            harness/lib/run-joern-gated.sh (step 2 of 4)
  Checked at (UTC)        : 2026-09-02T22:54:46Z
  Clone index             : 0
  Record of account       : /opt/blitzy-harness/provision-log/cpg-identity.txt
  Its provenance          : provisioning record of account for the graph this run did not write
  Corroborated by         : /opt/blitzy-harness/provision-log/cpg-record.txt, /tmp/blitzy/blitzy-spark/blitzy-f38258d3-f87d-44f5-bedc-af512c69e0ab_a424a0/harness/ENVIRONMENT.md, which agree
  In-checkout write path  : harness/artifacts/cpg/spark.cpg is absent -- no
                            graph was written inside this checkout, so the two
                            AAP 0.6.4 names are the subjects that decide the load
  HARNESS_CPG in env      : /tmp/blitzy/blitzy-spark/blitzy-f38258d3-f87d-44f5-bedc-af512c69e0ab_a424a0/harness/cpg/spark.cpg

  Recorded size           : 541,309,809 bytes
  Recorded sha256         : 4616845ab2b0de2b8e7d43598de0e18c2302be233149b933af3098b0aa4730c7

  Every subject, each resolved and re-measured in its own right:

    harness/cpg/spark.cpg
      role      : the runner's actual input ($HARNESS_CPG as env.sh resolves it); also AAP 0.6.1 named path (harness/cpg/spark.cpg)
      symlink to: /opt/blitzy-harness/cpg/spark.cpg
      realpath  : /opt/blitzy-harness/cpg/spark.cpg
      size      : 541,309,809 bytes   MATCH
      sha256    : 4616845ab2b0de2b8e7d43598de0e18c2302be233149b933af3098b0aa4730c7   MATCH
      link size : 33 bytes (the link itself, not its target -- recorded only to discard it)

  All 1 subject(s) resolve to one file: yes

====================================================================================
VERDICT: PASS
====================================================================================
