loading CPG with importCpg: /opt/blitzy-harness/cpg/spark.cpg
[WARN ] Found CDG edge starting at RETURN node io.shiftleft.codepropertygraph.generated.nodes.Return[label=RETURN; seq=1344218; id=141735264986] -> io.shiftleft.codepropertygraph.generated.nodes.Call[label=CALL; seq=11474653; id=30076245725].
This is most likely caused by an invalid CFG in method org.apache.spark.executor.ProcfsMetricsGetter.computeAllMetrics:org.apache.spark.executor.ProcfsMetrics().
Number of outgoing CFG edges from RETURN node: 2
[WARN ] Found CDG edge starting at RETURN node io.shiftleft.codepropertygraph.generated.nodes.Return[label=RETURN; seq=1344218; id=141735264986] -> io.shiftleft.codepropertygraph.generated.nodes.Call[label=CALL; seq=11474657; id=30076245729].
This is most likely caused by an invalid CFG in method org.apache.spark.executor.ProcfsMetricsGetter.computeAllMetrics:org.apache.spark.executor.ProcfsMetrics().
Number of outgoing CFG edges from RETURN node: 2
[WARN ] Found CDG edge starting at RETURN node io.shiftleft.codepropertygraph.generated.nodes.Return[label=RETURN; seq=1344218; id=141735264986] -> io.shiftleft.codepropertygraph.generated.nodes.Identifier[label=IDENTIFIER; seq=14066060; id=68733542796].
This is most likely caused by an invalid CFG in method org.apache.spark.executor.ProcfsMetricsGetter.computeAllMetrics:org.apache.spark.executor.ProcfsMetrics().
Number of outgoing CFG edges from RETURN node: 2
[WARN ] Found CDG edge starting at RETURN node io.shiftleft.codepropertygraph.generated.nodes.Return[label=RETURN; seq=1344218; id=141735264986] -> io.shiftleft.codepropertygraph.generated.nodes.Identifier[label=IDENTIFIER; seq=14066059; id=68733542795].
This is most likely caused by an invalid CFG in method org.apache.spark.executor.ProcfsMetricsGetter.computeAllMetrics:org.apache.spark.executor.ProcfsMetrics().
Number of outgoing CFG edges from RETURN node: 2
[WARN ] Found CDG edge starting at RETURN node io.shiftleft.codepropertygraph.generated.nodes.Return[label=RETURN; seq=1344218; id=141735264986] -> io.shiftleft.codepropertygraph.generated.nodes.Identifier[label=IDENTIFIER; seq=14066058; id=68733542794].
This is most likely caused by an invalid CFG in method org.apache.spark.executor.ProcfsMetricsGetter.computeAllMetrics:org.apache.spark.executor.ProcfsMetrics().
Number of outgoing CFG edges from RETURN node: 2
[WARN ] Found CDG edge starting at RETURN node io.shiftleft.codepropertygraph.generated.nodes.Return[label=RETURN; seq=1344218; id=141735264986] -> io.shiftleft.codepropertygraph.generated.nodes.Identifier[label=IDENTIFIER; seq=14066057; id=68733542793].
This is most likely caused by an invalid CFG in method org.apache.spark.executor.ProcfsMetricsGetter.computeAllMetrics:org.apache.spark.executor.ProcfsMetrics().
Number of outgoing CFG edges from RETURN node: 2
[WARN ] Found CDG edge starting at RETURN node io.shiftleft.codepropertygraph.generated.nodes.Return[label=RETURN; seq=1344218; id=141735264986] -> io.shiftleft.codepropertygraph.generated.nodes.Identifier[label=IDENTIFIER; seq=14066056; id=68733542792].
This is most likely caused by an invalid CFG in method org.apache.spark.executor.ProcfsMetricsGetter.computeAllMetrics:org.apache.spark.executor.ProcfsMetrics().
Number of outgoing CFG edges from RETURN node: 2
[WARN ] Found CDG edge starting at RETURN node io.shiftleft.codepropertygraph.generated.nodes.Return[label=RETURN; seq=1344218; id=141735264986] -> io.shiftleft.codepropertygraph.generated.nodes.Identifier[label=IDENTIFIER; seq=14066055; id=68733542791].
This is most likely caused by an invalid CFG in method org.apache.spark.executor.ProcfsMetricsGetter.computeAllMetrics:org.apache.spark.executor.ProcfsMetrics().
Number of outgoing CFG edges from RETURN node: 2
[WARN ] Found CDG edge starting at RETURN node io.shiftleft.codepropertygraph.generated.nodes.Return[label=RETURN; seq=1344218; id=141735264986] -> io.shiftleft.codepropertygraph.generated.nodes.Call[label=CALL; seq=11474861; id=30076245933].
This is most likely caused by an invalid CFG in method org.apache.spark.executor.ProcfsMetricsGetter.computeAllMetrics:org.apache.spark.executor.ProcfsMetrics().
Number of outgoing CFG edges from RETURN node: 2
[WARN ] org.apache.spark.deploy.SparkSubmit.prepareSubmitEnvironment:scala.Tuple4(org.apache.spark.deploy.SparkSubmitArguments,scala.Option) has more than 4000 definitions
[WARN ] Skipping.
[WARN ] org.apache.spark.internal.config.package$.<clinit>:void() has more than 4000 definitions
[WARN ] Skipping.
[WARN ] org.apache.spark.deploy.master.ui.MasterPage.render:scala.collection.immutable.Seq(jakarta.servlet.http.HttpServletRequest) has more than 4000 definitions
[WARN ] Skipping.
[WARN ] org.apache.spark.deploy.master.ui.ApplicationPage.render:scala.collection.immutable.Seq(jakarta.servlet.http.HttpServletRequest) has more than 4000 definitions
[WARN ] Skipping.
[WARN ] org.apache.spark.deploy.master.ui.EnvironmentPage.render:scala.collection.immutable.Seq(jakarta.servlet.http.HttpServletRequest) has more than 4000 definitions
[WARN ] Skipping.
[WARN ] org.apache.spark.deploy.SparkSubmit.prepareSubmitEnvironment:scala.Tuple4(org.apache.spark.deploy.SparkSubmitArguments,scala.Option) has more than 4000 definitions
[WARN ] Skipping.
[WARN ] org.apache.spark.internal.LogKeys.$values:org.apache.spark.internal.LogKeys[]() has more than 4000 definitions
[WARN ] Skipping.
[WARN ] org.apache.spark.internal.LogKeys.<clinit>:void() has more than 4000 definitions
[WARN ] Skipping.
[WARN ] org.apache.spark.sql.catalyst.parser.SqlBaseParser.statement:org.apache.spark.sql.catalyst.parser.SqlBaseParser$StatementContext() has more than 4000 definitions
[WARN ] Skipping.
[WARN ] org.apache.spark.sql.internal.SQLConf$.<clinit>:void() has more than 4000 definitions
[WARN ] Skipping.
[WARN ] org.sparkproject.io.netty.handler.codec.http2.HpackHuffmanDecoder.<clinit>:void() has more than 4000 definitions
[WARN ] Skipping.
[WARN ] org.apache.spark.sql.catalyst.expressions.ScalaUDF.<init>:void(java.lang.Object,org.apache.spark.sql.types.DataType,scala.collection.immutable.Seq,scala.collection.immutable.Seq,scala.Option,scala.Option,boolean,boolean) has more than 4000 definitions
[WARN ] Skipping.
[WARN ] org.apache.spark.sql.catalyst.expressions.ScalaUDF.<init>:void(java.lang.Object,org.apache.spark.sql.types.DataType,scala.collection.immutable.Seq,scala.collection.immutable.Seq,scala.Option,scala.Option,boolean,boolean) has more than 4000 definitions
[WARN ] Skipping.
[WARN ] org.apache.spark.sql.catalyst.util.HyperLogLogPlusPlusHelper$.<clinit>:void() has more than 4000 definitions
[WARN ] Skipping.
[WARN ] org.apache.spark.sql.catalyst.util.HyperLogLogPlusPlusHelper$.<clinit>:void() has more than 4000 definitions
[WARN ] Skipping.
[WARN ] org.apache.spark.sql.execution.datasources.v2.DataSourceV2Strategy.apply:scala.collection.immutable.Seq(org.apache.spark.sql.catalyst.plans.logical.LogicalPlan) has more than 4000 definitions
[WARN ] Skipping.
[WARN ] org.apache.spark.sql.execution.SparkStrategies$BasicOperators$.apply:scala.collection.immutable.Seq(org.apache.spark.sql.catalyst.plans.logical.LogicalPlan) has more than 4000 definitions
[WARN ] Skipping.
[WARN ] org.apache.spark.sql.catalyst.optimizer.DecorrelateInnerQuery$.decorrelate$1:scala.Tuple3(org.apache.spark.sql.catalyst.plans.logical.LogicalPlan,org.apache.spark.sql.catalyst.expressions.AttributeSet,boolean,boolean,boolean) has more than 4000 definitions
[WARN ] Skipping.
[WARN ] org.apache.spark.internal.LogKeys.$values:org.apache.spark.internal.LogKeys[]() has more than 4000 definitions
[WARN ] Skipping.
[WARN ] org.apache.spark.sql.catalyst.analysis.CheckAnalysis.$anonfun$checkAnalysis0$2:void(org.apache.spark.sql.catalyst.analysis.CheckAnalysis,org.apache.spark.sql.catalyst.plans.logical.LogicalPlan,org.apache.spark.sql.catalyst.plans.logical.LogicalPlan) has more than 4000 definitions
[WARN ] Skipping.
[WARN ] org.apache.spark.internal.LogKeys.<clinit>:void() has more than 4000 definitions
[WARN ] Skipping.
[WARN ] org.apache.spark.sql.execution.datasources.v2.DataSourceV2Strategy.apply:scala.collection.immutable.Seq(org.apache.spark.sql.catalyst.plans.logical.LogicalPlan) has more than 4000 definitions
[WARN ] Skipping.
[WARN ] org.apache.spark.sql.execution.SparkStrategies$BasicOperators$.apply:scala.collection.immutable.Seq(org.apache.spark.sql.catalyst.plans.logical.LogicalPlan) has more than 4000 definitions
[WARN ] Skipping.
[WARN ] org.apache.spark.sql.catalyst.analysis.ResolveSessionCatalog$$anonfun$apply$1.applyOrElse:java.lang.Object(org.apache.spark.sql.catalyst.plans.logical.LogicalPlan,scala.Function1) has more than 4000 definitions
[WARN ] Skipping.
[WARN ] org.apache.spark.streaming.ui.StreamingPage.generateStatTable:scala.collection.immutable.Seq(jakarta.servlet.http.HttpServletRequest) has more than 4000 definitions
[WARN ] Skipping.
[WARN ] org.apache.spark.sql.streaming.ui.StreamingQueryStatisticsPage.generateStatTable:scala.collection.immutable.Seq(org.apache.spark.sql.streaming.ui.StreamingQueryUIData,jakarta.servlet.http.HttpServletRequest) has more than 4000 definitions
[WARN ] Skipping.
[WARN ] org.apache.spark.sql.catalyst.analysis.FunctionRegistry$.<clinit>:void() has more than 4000 definitions
[WARN ] Skipping.
[WARN ] org.apache.spark.sql.catalyst.parser.SqlBaseParser.statement:org.apache.spark.sql.catalyst.parser.SqlBaseParser$StatementContext() has more than 4000 definitions
[WARN ] Skipping.
[WARN ] org.apache.spark.sql.catalyst.analysis.ResolveSessionCatalog$$anonfun$apply$1.applyOrElse:java.lang.Object(org.apache.spark.sql.catalyst.plans.logical.LogicalPlan,scala.Function1) has more than 4000 definitions
[WARN ] Skipping.
[WARN ] org.apache.spark.sql.streaming.ui.StreamingQueryStatisticsPage.generateStatTable:scala.collection.immutable.Seq(org.apache.spark.sql.streaming.ui.StreamingQueryUIData,jakarta.servlet.http.HttpServletRequest) has more than 4000 definitions
[WARN ] Skipping.
[WARN ] org.apache.spark.ui.env.EnvironmentPage.render:scala.collection.immutable.Seq(jakarta.servlet.http.HttpServletRequest) has more than 4000 definitions
[WARN ] Skipping.
[WARN ] org.apache.spark.ui.env.EnvironmentPage.render:scala.collection.immutable.Seq(jakarta.servlet.http.HttpServletRequest) has more than 4000 definitions
[WARN ] Skipping.
[WARN ] org.apache.spark.ui.jobs.JobPage.render:scala.collection.immutable.Seq(jakarta.servlet.http.HttpServletRequest) has more than 4000 definitions
[WARN ] Skipping.
[WARN ] org.apache.spark.ui.jobs.JobPage.render:scala.collection.immutable.Seq(jakarta.servlet.http.HttpServletRequest) has more than 4000 definitions
[WARN ] Skipping.
[WARN ] org.apache.spark.internal.config.package$.<clinit>:void() has more than 4000 definitions
[WARN ] Skipping.
[WARN ] org.apache.spark.internal.LogKeys.$values:org.apache.spark.internal.LogKeys[]() has more than 4000 definitions
[WARN ] Skipping.
[WARN ] org.apache.spark.sql.internal.SQLConf$.<clinit>:void() has more than 4000 definitions
[WARN ] Skipping.
[WARN ] org.apache.spark.internal.LogKeys.<clinit>:void() has more than 4000 definitions
[WARN ] Skipping.
[WARN ] org.apache.spark.deploy.master.ui.MasterPage.render:scala.collection.immutable.Seq(jakarta.servlet.http.HttpServletRequest) has more than 4000 definitions
[WARN ] Skipping.
[WARN ] org.apache.spark.deploy.master.ui.ApplicationPage.render:scala.collection.immutable.Seq(jakarta.servlet.http.HttpServletRequest) has more than 4000 definitions
[WARN ] Skipping.
[WARN ] org.apache.spark.deploy.master.ui.EnvironmentPage.render:scala.collection.immutable.Seq(jakarta.servlet.http.HttpServletRequest) has more than 4000 definitions
[WARN ] Skipping.
[WARN ] org.apache.spark.streaming.ui.StreamingPage.generateStatTable:scala.collection.immutable.Seq(jakarta.servlet.http.HttpServletRequest) has more than 4000 definitions
[WARN ] Skipping.
[WARN ] org.sparkproject.io.netty.handler.codec.http3.QpackHuffmanDecoder.<clinit>:void() has more than 4000 definitions
[WARN ] Skipping.
[WARN ] org.sparkproject.io.netty.handler.codec.http2.HpackHuffmanDecoder.<clinit>:void() has more than 4000 definitions
[WARN ] Skipping.
[WARN ] org.apache.spark.sql.catalyst.optimizer.DecorrelateInnerQuery$.decorrelate$1:scala.Tuple3(org.apache.spark.sql.catalyst.plans.logical.LogicalPlan,org.apache.spark.sql.catalyst.expressions.AttributeSet,boolean,boolean,boolean) has more than 4000 definitions
[WARN ] Skipping.
[WARN ] org.apache.spark.sql.catalyst.analysis.CheckAnalysis.$anonfun$checkAnalysis0$2:void(org.apache.spark.sql.catalyst.analysis.CheckAnalysis,org.apache.spark.sql.catalyst.plans.logical.LogicalPlan,org.apache.spark.sql.catalyst.plans.logical.LogicalPlan) has more than 4000 definitions
[WARN ] Skipping.
[WARN ] org.apache.spark.sql.catalyst.parser.SqlBaseParser.statement:org.apache.spark.sql.catalyst.parser.SqlBaseParser$StatementContext() has more than 4000 definitions
[WARN ] Skipping.
[WARN ] com.google.crypto.tink.internal.Ed25519.mulAdd:void(byte[],byte[],byte[],byte[]) has more than 4000 definitions
[WARN ] Skipping.
[WARN ] org.apache.spark.sql.catalyst.analysis.FunctionRegistry$.<clinit>:void() has more than 4000 definitions
[WARN ] Skipping.
graph loaded: methods=1398964 typeDecls=119860 files=45037
query joern-process-exec               returned     55 bound_reached=false elapsed_ms=831
query joern-unsafe-deserialization     returned    178 bound_reached=false elapsed_ms=14
query joern-reflection-forname         returned    411 bound_reached=false elapsed_ms=10
query joern-message-digest             returned     23 bound_reached=false elapsed_ms=1
query joern-cipher-getinstance         returned     10 bound_reached=false elapsed_ms=0
query joern-xml-factory                returned     13 bound_reached=false elapsed_ms=1
wrote 690 findings to /tmp/blitzy/blitzy-spark/blitzy-f38258d3-f87d-44f5-bedc-af512c69e0ab_a424a0/harness/artifacts/raw/joern.json
