# opengrep runner console, captured by the Stage 3 sequence ledger
# run_id=w013-20260901T132807Z clone_index=13
# argv=["./harness/bin/run-opengrep.sh"]
# started=2026-09-01T13:49:39Z ended=2026-09-01T14:13:06Z elapsed_seconds=1407.786 exit_status=0
--- stdout ---
tool            : opengrep
scan root       : /opt/spark-src (from SPARK_SRC)
raw dir         : /tmp/blitzy/blitzy-spark/blitzy-f38258d3-f87d-44f5-bedc-af512c69e0ab-w-013_59d11b/harness/artifacts/raw
log dir         : /tmp/blitzy/blitzy-spark/blitzy-f38258d3-f87d-44f5-bedc-af512c69e0ab-w-013_59d11b/harness/artifacts/logs
allowlist       : /tmp/blitzy/blitzy-spark/blitzy-f38258d3-f87d-44f5-bedc-af512c69e0ab-w-013_59d11b/harness/scope/allowlist.txt (sha256 0013edf6cdc3a48d69aed5d7db41cc6647cfd461d348f5e1d563ba85664143d1)
scope dirs      : 18
start           : 2026-09-01T13:49:39+00:00
ruleset         : /opt/blitzy-harness/rules/opengrep-rules (commit f1d2b562b414783763fd02a6ed2736eaed622efa)
configs         : 58
credential      : SEMGREP_APP_TOKEN=absent (unused by opengrep)
exit code       : 0
elapsed seconds : 1407
artifact        : /tmp/blitzy/blitzy-spark/blitzy-f38258d3-f87d-44f5-bedc-af512c69e0ab-w-013_59d11b/harness/artifacts/raw/opengrep.sarif (73768116 bytes)
end             : 2026-09-01T14:13:06+00:00
--- stderr ---
