================================================================================
run-osv-scanner.sh - captured streams and absent-artifact record
harness/artifacts/logs/osv-scanner.stdout.log
================================================================================

================================================================================
WHAT THIS FILE ESTABLISHES
================================================================================

  What happened when harness/bin/run-osv-scanner.sh was invoked directly, with no
  arguments, on its own, over the full twelve-root scope - and, because this is
  the one tool of the nine expected to write NO ARTIFACT AT ALL, which of exactly
  two things that absence was:

      the tool FAILED, or
      the tool COMPLETED with nothing in scope to work on and said so in its own
      output.

  AAP 0.9.2 halts the whole run on the first and AAP 0.9.3 continues past the
  second, so this single distinction is the most consequential thing this file
  carries. Only the tool's own words can settle it, so its own words are quoted
  verbatim below (STEP 6) and nothing else is offered in their place.

  The file also carries the three things a reader cannot reconstruct later: the
  state of both artifact trees BEFORE the invocation and AFTER it, each listed
  rather than inferred; the runner's own banner and trailer, which record the
  scan root, the allowlist digest and the MISSING artifact marker; and the
  decision the observed outcome forces on four conditional deliverables, stated
  here rather than deferred.

  VERDICT, stated once at the top and evidenced throughout:
  exit 128, no artifact, and the tool's own stderr reads
  "No package sources found, --help for usage information." after
  "0 Extract calls". THE TOOL COMPLETED. It did not fail. The run continues.

================================================================================
HOW TO READ THIS FILE
================================================================================

  Plain text, in execution order. Every step is a command line introduced by
  '$ ', followed by its captured output and exit status:

      [stdout]  ... verbatim; nothing follows the marker when the stream was empty
      [stderr]  ... verbatim; this tool writes everything it says here, not to stdout
      [exit]    ... the command's exit status

  Everything between a BEGIN and an END marker is a byte-for-byte reproduction of
  a captured stream, flush-left and unindented so it can be compared against the
  capture mechanically. No stream is summarised, reflowed, elided, re-ordered or
  annotated inline. Where a stream was empty, that is stated and its length and
  digest are given rather than the block being dropped.

  Nothing in this file is a fabricated measurement. Every figure traces to a
  command whose output is present in it.

================================================================================
WHY THIS FILE CARRIES TWO STREAMS RATHER THAN ONE
================================================================================

  The provisioned runner reuses this file's own path for the SCANNER's stdout
  while printing its banner and trailer on the RUNNER's stdout:

      harness/bin/run-osv-scanner.sh:29   OUT="$HARNESS_LOG_DIR/$TOOL.stdout.log"
      harness/bin/run-osv-scanner.sh:46-49
                                          osv-scanner scan source ... > "$OUT" 2> "$ERR"
      harness/lib/scope.sh scope_begin    the banner  -> the runner's own stdout
      harness/lib/scope.sh scope_finish   the trailer -> the runner's own stdout

  So the two streams a reader needs are produced on two different descriptors,
  and this scanner's own stdout is EMPTY (0 bytes, STEP 5) - the tool says what
  it has to say on stderr. AAP 0.6.1 requires this file to carry "the runner's
  streams verbatim, and its exit code ... with elapsed seconds", which are in the
  banner and trailer, and the absent-artifact marker, which is in the trailer.

  Both streams are therefore reproduced here, each labelled with the descriptor
  and the process it came from, in the order they occurred. Because the scanner's
  stdout is empty, the two in chronological order ARE the runner's stdout: the
  banner and the two header lines, then nothing from the scanner, then the
  trailer. No content is invented by placing them together and none is lost.

  The runner was NOT edited to resolve this, and its stdout was not redirected
  into this path either: line 49 re-truncates that file mid-run while the
  script's own descriptor offset has already advanced, which would leave a hole
  of NUL bytes where the banner had been. The collision is recorded, not
  repaired.

  One consequence a later reader should expect: re-invoking the runner
  overwrites this path with the scanner's own stdout again - 0 bytes, on the
  evidence below. This record is the state as of the invocation timestamped in
  SUBJECT, and the captures it embeds are the only copies of those streams that
  the runner does not itself rewrite.

================================================================================
METHOD - THE FOUR PRINCIPLES THIS FILE IS HELD TO
================================================================================

  review_rules returned exactly 'No user rules provided.' for the whole document.
  That is a complete read, corroborated by AAP 0.7 and 0.10.2. No user-specified
  rule governs this file, and the absence is not read as licence to lower the
  bar; enterprise best practice is substituted, held to the AAP's own four
  principles.

  P1 Verification is independent of the thing verified (AAP 0.1.3). The absence
     of the artifact is established by LISTING harness/artifacts/raw/ before and
     after the invocation (STEP 1, STEP 7), never inferred from the exit code and
     never taken from the trailer's own MISSING marker alone. Three independent
     records agree: the listing, the trailer, and osv-scanner.status (STEP 8).
  P2 Reject rather than infer (AAP 0.1.3). The completion-versus-failure verdict
     is settled ONLY by the tool's own stated words, quoted verbatim in STEP 6.
     No exit-code convention, no documentation and no prior run's record is
     allowed to stand in for them.
  P3 Halt-and-report over silent repair (AAP 0.8.1). The runner was invoked
     directly, with no arguments, never through an orchestrator - harness/bin/
     holds exactly the nine runners and no orchestrator exists to invoke. It ran
     one at a time WITHIN ITS OWN CLONE; the "one at a time" clause is CORRECTED
     after review, which found it unqualified: AAP 0.8.1's requirement is GLOBAL,
     and measured across the run from the nine per-tool .status records' own start
     and finish stamps, five pairs of windows overlapped - this invocation's own
     window overlaps checkov's by 3.609 s. Global sequencing therefore FAILED and
     is reported rather than repaired; see oss-scan-results/tool-status.md and
     oss-scan-results/run-record.md section 8. Nothing was measured afresh, and no
     scanner was re-run, for this correction. Nothing was installed, no runner
     and no baked flag was edited, no artifact was manufactured, and the twelve
     globs were NOT widened to give the tool something to resolve.
  P4 Verbatim preservation - the governing principle. Every stream appears as
     captured, with its length and sha256 given so the reproduction can be
     checked against the capture.

================================================================================
SUBJECT
================================================================================

  Pinned commit               : 59b8a4489c878fa3a9aa6b7fbae760f2fc80eb9d
  Pin, as exported            : 59b8a4489c878fa3a9aa6b7fbae760f2fc80eb9d
  Pinned clone (SPARK_SRC)    : /opt/spark-src   (never edited, never rebuilt)
  Working checkout            : /tmp/blitzy/blitzy-spark/blitzy-f38258d3-f87d-44f5-bedc-af512c69e0ab-w-030_f3f236
                                NEITHER BUILT NOR SCANNED (AAP 0.3.2)
  Tool                        : osv-scanner 2.5.1 (osv-scalibr 0.5.2)
                                commit c84fa4568f2526d0333e9a914ea8a0a5f74ad68b
  Binary                      : /opt/blitzy-tools/bin/osv-scanner
                                ELF 64-bit LSB executable, x86-64, statically linked
  Runtime                     : no JVM and no interpreter - a standalone binary,
                                so no JDK assignment and no heap lever apply
  Scanner class               : vuln  (AAP 0.5.4 class table; does not vary per record)
  Runner                      : harness/bin/run-osv-scanner.sh   (read, never edited)
  Argument guard              : lines 15-18, exit 64, the first executable
                                statement - before env sourcing (23), the shared
                                library (25), target resolution (34) and the tool
                                invocation (46). Established BY INSPECTION; no
                                rejection probe was run, because a probe against a
                                defective runner could scan for real and
                                contaminate the raw tree (AAP 0.8.1)
  Scan-target variable        : SPARK_SRC -> /opt/spark-src, resolved indirectly
                                through harness/lib/scope.sh scope_resolve_target
  Smoke override              : HARNESS_SMOKE_TARGET unset, as a real scan requires
  Working directory           : /opt/spark-src  (cd "$SCAN_ROOT", runner line 44)
  Path base                   : the scan root - cwd is the root and every target
                                argument is root-relative
  Allowlist                   : harness/scope/allowlist.txt, 12 globs, sha256
                                0013edf6cdc3a48d69aed5d7db41cc6647cfd461d348f5e1d563ba85664143d1
                                unchanged by this run; expands to 18 existing
                                directories, all 18 passed to the one invocation
  Baked flags, as read        : scan source / --recursive / --format json /
                                --output-file "$ART" / --verbosity info /
                                -- "${DIRS[@]}"
                                No --allow-no-lockfiles is passed in this
                                provisioning. Nothing was added or removed.
  Zero-byte artifact rule     : runner lines 53-55 delete a zero-byte artifact if
                                one is created, deliberately, so the absent case
                                stays distinguishable from an empty parse
  Credentials                 : this runner reads none and prints no credential
                                line; credential_expression is null in
                                runner-metadata.json. No credential name in this
                                file carries a value, and no credential value
                                appears anywhere in it
  Expected outcome            : exit 128, no artifact - stated by the runner's own
                                header (lines 7-11) and by runner-metadata.json
                                (artifact_expected false)
  Invoked at (UTC)            : 2026-08-24T22:36:00.324Z
  Completed at (UTC)          : 2026-08-24T22:36:03.933Z

================================================================================
STEP 1 - PRE-INVOCATION STATE OF BOTH ARTIFACT TREES
================================================================================

  Taken BEFORE the invocation, so the absence of an artifact afterwards cannot be
  confused with an artifact that was never there. harness/artifacts/raw/ is
  runner-only and receives exactly one artifact per tool that writes one and
  nothing else, ever; harness/artifacts/logs/ legitimately accumulates this run's
  own evidence from Stage 1 onward (AAP 0.8.1).

  Neither tree was created or cleared by this run. Both are created by the
  provisioned environment file itself - harness/env.sh line 91 is
  'mkdir -p "$HARNESS_RAW_DIR" "$HARNESS_LOG_DIR" "$HARNESS_SCRATCH_DIR"'. They
  are absent from a fresh clone only because .gitignore line 31 is 'artifacts/'
  and git cannot track an empty directory.

$ { echo "PRE_INVOCATION_TIMESTAMP_UTC=$(date -u +%Y-%m-%dT%H:%M:%S.%3NZ)"; ls -A harness/artifacts/raw; ... }

[stdout]
--- BEGIN CAPTURE: pre-invocation state -----------------------------------------
PRE_INVOCATION_TIMESTAMP_UTC=2026-08-24T22:35:52.527Z
--- ls -A harness/artifacts/raw ---
rc=0
raw_entry_count=0
--- osv-scanner.json present? ---
ABSENT
--- ls -A harness/artifacts/logs ---
build-reactor.log
cpg-frontend.log
cpg-input-inventory.json
cpg-verify.log
gate-record.json
maven-preflight.log
runner-metadata.json
taint-ab-on.log
taint-ab-on.sarif
logs_entry_count=9
--- osv-scanner.* in logs? ---
none
--- END CAPTURE ----------------------------------------------------------------

  raw/ held nothing at 22:35:52.527Z. logs/ held nine files, every one of them
  this run's own prior-stage evidence and none of them an osv-scanner stream.

================================================================================
STEP 2 - THE INVOCATION
================================================================================

  Directly, no arguments, on its own. No orchestrator was used and none exists:
  harness/bin/ holds exactly the nine runners. No other runner and no Joern
  process was running from this clone at the time.

$ BLITZY_CLONE_INDEX=30 ./harness/bin/run-osv-scanner.sh > <scratch>/runner.stdout 2> <scratch>/runner.stderr

  BLITZY_CLONE_INDEX=30 is passed on the command line rather than exported,
  because each command is its own subshell. This tool uses no per-clone scratch -
  only Joern does - so the index changes nothing here and is passed for
  correctness. The runner's own two descriptors were captured outside the
  repository, for the reason STEP 5 gives.

[exit]
128

  Wall clock: 2026-08-24T22:36:00.324Z to 2026-08-24T22:36:03.933Z.

================================================================================
STEP 3 - THE RUNNER'S OWN STDOUT STREAM, VERBATIM
================================================================================

  995 bytes, 13 lines, sha256
  3c0cb9b071de1946f26d86cabf98fc206d1817c6b5600c022ad15f7a67ce0a3c

  Lines 1-7 are the banner (harness/lib/scope.sh scope_begin), lines 8-9 the
  runner's own two header lines (run-osv-scanner.sh lines 40-41), lines 10-13 the
  trailer (scope_finish). The trailer's 'artifact ... (MISSING bytes)' is the
  authoritative in-stream record of the absence.

--- BEGIN CAPTURE: run-osv-scanner.sh, fd 1 -------------------------------------
tool            : osv-scanner
scan root       : /opt/spark-src (from SPARK_SRC)
raw dir         : /tmp/blitzy/blitzy-spark/blitzy-f38258d3-f87d-44f5-bedc-af512c69e0ab-w-030_f3f236/harness/artifacts/raw
log dir         : /tmp/blitzy/blitzy-spark/blitzy-f38258d3-f87d-44f5-bedc-af512c69e0ab-w-030_f3f236/harness/artifacts/logs
allowlist       : /tmp/blitzy/blitzy-spark/blitzy-f38258d3-f87d-44f5-bedc-af512c69e0ab-w-030_f3f236/harness/scope/allowlist.txt (sha256 0013edf6cdc3a48d69aed5d7db41cc6647cfd461d348f5e1d563ba85664143d1)
scope dirs      : 18
start           : 2026-08-24T22:36:00+00:00
database        : none local - queries the OSV API (https://api.osv.dev) at scan time
invocation      : one invocation over all 18 scope directories, --recursive
exit code       : 128
elapsed seconds : 3
artifact        : /tmp/blitzy/blitzy-spark/blitzy-f38258d3-f87d-44f5-bedc-af512c69e0ab-w-030_f3f236/harness/artifacts/raw/osv-scanner.json (MISSING bytes)
end             : 2026-08-24T22:36:03+00:00
--- END CAPTURE ----------------------------------------------------------------

  Read off this stream, with nothing added:
    - scan root /opt/spark-src, and its source named as SPARK_SRC. The runner
      resolved the pinned clone and no other tree, which is what AAP 0.9.2 makes
      a halting condition when it fails. It did not fail.
    - the allowlist digest, matching the byte-exact file this run did not touch.
    - 18 scope directories, the arithmetic expansion of the twelve globs.
    - 'none local - queries the OSV API (https://api.osv.dev) at scan time' -
      the no-local-database fact, in the runner's own words. See the
      REPRODUCIBILITY GAP section.
    - exit 128, elapsed 3 seconds, artifact MISSING.

================================================================================
STEP 4 - THE RUNNER'S OWN STDERR STREAM, VERBATIM
================================================================================

  0 bytes, sha256
  e3b0c44298fc1c149afbf4c8996fb92427ae41e4649b934ca495991b7852b855
  (the digest of the empty input).

--- BEGIN CAPTURE: run-osv-scanner.sh, fd 2 -------------------------------------
--- END CAPTURE ----------------------------------------------------------------

  Empty, and that is a positive result rather than nothing to report: the runner
  printed no diagnostic, so it took neither of its two failure exits - not the
  argument guard's 64 (it was given no argument) and not scope_fail's 78, which
  would have written 'CONFIGURATION FAULT: ...' here and named the fault. Exit
  128 is therefore the SCANNER's own exit code, passed through unchanged by
  runner lines 50-58, and not a harness fault dressed as one.

================================================================================
STEP 5 - THE SCANNER'S OWN STDOUT STREAM, VERBATIM
================================================================================

  This is the stream the runner wrote to this file's own path at line 49, copied
  out to a scratch file before anything was written here, so that it is preserved
  rather than displaced.

  0 bytes, 0 lines, sha256
  e3b0c44298fc1c149afbf4c8996fb92427ae41e4649b934ca495991b7852b855
  (the digest of the empty input). `od -c` over it printed the single offset line
  '0000000' and no byte.

--- BEGIN CAPTURE: osv-scanner, fd 1 --------------------------------------------
--- END CAPTURE ----------------------------------------------------------------

  Empty. This scanner writes nothing to stdout in this configuration - it reports
  on stderr, which STEP 6 carries. The emptiness is recorded with its length and
  digest rather than left as an unexplained blank, and it is why the two captured
  streams are presented together: their chronological concatenation is exactly
  the runner's stdout in STEP 3, so nothing is added by placing them side by side
  and nothing is lost.

  It also settles the nuance the agent brief asked be verified rather than
  assumed: the runner directs output to a file path, so an empty or partial file
  could have appeared in raw/ even with nothing to report. Nothing did - see
  STEP 7 - and the runner's lines 53-55 would have removed a zero-byte one on
  purpose if the scanner had created it.

================================================================================
STEP 6 - THE SCANNER'S OWN STDERR STREAM, VERBATIM - THE CLASSIFYING EVIDENCE
================================================================================

  969 bytes, 21 lines (SUPERSEDED: '23 lines' was wrong - measured 21), sha256
  ad7df520bc9f146fbb1e59e4cce07392b7f5db969bc638ced1d640c02c4cb014 - this is CAPTURE A, the block reproduced below, NOT the committed sibling (F32)

  This is the whole of what the tool said, in its own words. It is the only
  admissible basis for the completion-versus-failure verdict (AAP 0.1.3), so it
  is reproduced in full and nothing is paraphrased. The committed sibling stream is
  harness/artifacts/logs/osv-scanner.stderr.log - CAPTURE B - 21 lines, 969 bytes,
  sha256 021347c72dcd98e06b26c579164cded04c26b0eacc203aff07d5eb0487f2c401 (F32).

--- BEGIN CAPTURE: osv-scanner, fd 2 --------------------------------------------
Scanning dir common/network-common/src/main
Scanning dir common/network-shuffle/src/main
Scanning dir common/network-yarn/src/main
Scanning dir core/src/main
Scanning dir python/pyspark
Scanning dir resource-managers/kubernetes/core/src/main
Scanning dir resource-managers/kubernetes/core/volcano/src/main
Scanning dir resource-managers/kubernetes/docker/src/main
Scanning dir resource-managers/yarn/src/main
Scanning dir sql/catalyst/src/main
Scanning dir sql/connect/client/jdbc/src/main
Scanning dir sql/connect/client/jvm/src/main
Scanning dir sql/connect/common/src/main
Scanning dir sql/connect/server/src/main
Scanning dir sql/connect/shims/src/main
Scanning dir sql/core/src/main
Scanning dir sql/hive-thriftserver/src/main
Scanning dir sql/hive/src/main
Starting filesystem walk for root: /
End status: 640 dirs visited, 4735 inodes visited, 0 Extract calls, 2.103098503s elapsed, 2.103098903s wall time
No package sources found, --help for usage information.
--- END CAPTURE ----------------------------------------------------------------

  Three things this stream states, and one thing it must not be read as saying.

  1. It reached the real scope. The eighteen 'Scanning dir' lines are exactly the
     eighteen directories the twelve globs expand to, in the order the runner
     passed them, and 640 directories and 4,735 inodes were visited - the
     4,095 in-scope files plus their directories, not a sample.
  2. It resolved nothing to work on. '0 Extract calls' means no manifest or
     lockfile was extracted for package data.
  3. It said why, unprompted: 'No package sources found, --help for usage
     information.'

  'Starting filesystem walk for root: /' is this tool's own phrasing for the
  start of its walk and is NOT evidence that it walked the filesystem root. The
  runner's working directory was /opt/spark-src (line 44), every target argument
  is root-relative, the banner and osv-scanner.status both record the resolved
  scan root as /opt/spark-src from SPARK_SRC, and the visited counts match the
  in-scope surface rather than a whole-host walk. Recorded here explicitly so a
  later reader does not mistake the line for the targeting fault that AAP 0.9.2
  halts on.

================================================================================
STEP 7 - POST-INVOCATION STATE - THE ABSENCE, VERIFIED INDEPENDENTLY
================================================================================

  The artifact tree is LISTED. The absence is not inferred from exit 128 and not
  taken from the trailer's MISSING marker, both of which agree with it anyway.

$ { echo "POST_INVOCATION_TIMESTAMP_UTC=$(date -u ...)"; ls -A harness/artifacts/raw; test -e harness/artifacts/raw/osv-scanner.json; ls -l harness/artifacts/logs/osv-scanner.*; sha256sum ... }

[stdout]
--- BEGIN CAPTURE: post-invocation state ----------------------------------------
POST_INVOCATION_TIMESTAMP_UTC=2026-08-24T22:36:15.221Z
--- ls -A harness/artifacts/raw ---
rc=0
raw_entry_count=0
--- test -e raw/osv-scanner.json ---
ABSENT
--- ls -l harness/artifacts/logs/osv-scanner.* ---
-rw-r--r-- 1 root root 254 Aug 24 22:36 harness/artifacts/logs/osv-scanner.status
-rw-r--r-- 1 root root 969 Aug 24 22:36 harness/artifacts/logs/osv-scanner.stderr.log
-rw-r--r-- 1 root root   0 Aug 24 22:36 harness/artifacts/logs/osv-scanner.stdout.log
--- sizes + sha256 of the three runner-written files ---
harness/artifacts/logs/osv-scanner.stdout.log size=0 sha256=e3b0c44298fc1c149afbf4c8996fb92427ae41e4649b934ca495991b7852b855
harness/artifacts/logs/osv-scanner.stderr.log size=969 sha256=ad7df520bc9f146fbb1e59e4cce07392b7f5db969bc638ced1d640c02c4cb014
harness/artifacts/logs/osv-scanner.status size=254 sha256=696928e47e58caa720b9d3c62bc714f8a85a7e49bd7ae5de30464a60ac8ab535
--- END CAPTURE ----------------------------------------------------------------

  harness/artifacts/raw/ held ZERO entries after the invocation, exactly as
  before it. No osv-scanner.json exists. The raw tree stays runner-only and
  runner-clean.

  NO ARTIFACT WAS MANUFACTURED. An empty osv-scanner.json placed here to make the
  tool look productive would corrupt both the reconciliation identity and the
  adapter-creation decision below, and an absent artifact is the expected,
  correct outcome. The 0-byte file in the listing above is this file's own path as
  the runner left it - a LOG under logs/, not an artifact under raw/.

================================================================================
STEP 8 - CROSS-CHECK AGAINST osv-scanner.status
================================================================================

  AAP 0.6.4 requires a count that appears in two documents to be one measurement
  cited twice. The trailer in STEP 3 and the status file are written by the same
  scope_finish call from the same two variables, and both are reproduced so the
  agreement is checkable rather than asserted.

  254 bytes, sha256
  696928e47e58caa720b9d3c62bc714f8a85a7e49bd7ae5de30464a60ac8ab535

--- BEGIN CAPTURE: harness/artifacts/logs/osv-scanner.status --------------------
tool=osv-scanner
exit_code=128
elapsed_seconds=3
artifact=/tmp/blitzy/blitzy-spark/blitzy-f38258d3-f87d-44f5-bedc-af512c69e0ab-w-030_f3f236/harness/artifacts/raw/osv-scanner.json
artifact_bytes=MISSING
scan_root=/opt/spark-src
scan_root_source=SPARK_SRC
--- END CAPTURE ----------------------------------------------------------------

  Field           This file (STEP 3 trailer)   osv-scanner.status   Agree
  exit_code       128                          128                  yes
  elapsed_seconds 3                            3                    yes
  artifact        .../raw/osv-scanner.json     same path            yes
  artifact_bytes  MISSING                      MISSING              yes
  scan_root       /opt/spark-src               /opt/spark-src       yes
  target source   SPARK_SRC                    SPARK_SRC            yes

  The scan root also equals the scan root recorded for this tool in
  harness/artifacts/logs/runner-metadata.json - resolved_scan_root
  '/opt/spark-src', resolved_scan_root_verified true, path_base kind scan_root -
  and equals SPARK_SRC as exported by harness/env.sh line 43.

  exit_status: timeout does NOT apply. The process produced an exit code, so the
  status name for a termination without one is not in play here.

================================================================================
VERDICT - WHICH OF THE TWO CASES THIS WAS
================================================================================

  THE TOOL COMPLETED WITH NOTHING IN SCOPE TO WORK ON, AND SAID SO IN ITS OWN
  OUTPUT. IT DID NOT FAIL. THE RUN CONTINUES PAST IT.

  Settled on the tool's own words alone (STEP 6), which are the only admissible
  basis:

      "End status: 640 dirs visited, 4735 inodes visited, 0 Extract calls,
       2.103098503s elapsed, 2.103098903s wall time"
      "No package sources found, --help for usage information."

  Zero Extract calls after visiting 640 directories is the tool stating that it
  reached the scope and found no manifest or lockfile to extract packages from.
  This is long-standing documented behaviour for a zero-package input rather than
  a crash (osv-scanner issue #348, and the same message reported for SBOMs
  without package URLs in issue #93, both cited in AAP 0.2.2).

  Under AAP 0.5.4 the artifact status for this tool is therefore

      artifact status : absent
      basis           : artifact absent AND the tool stated a no-work reason in
                        its own output; stderr quoted verbatim above
      rows            : zero
      run             : CONTINUES

  and the halting condition 'a tool writing no artifact with no stated reason of
  its own' (AAP 0.9.2) is NOT met. Exit 128 is recorded as a fact and is not
  itself the basis for the verdict: artifact status and exit status are
  independent (AAP 0.5.4), which is why two of the nine tools legitimately exit
  non-zero because they found something.

================================================================================
WHY NOTHING RESOLVED - THE ONE MANIFEST-SHAPED FILE IN SCOPE
================================================================================

  This is a property of the SCOPE, not of the installation. The tool is proven
  functional: it resolved its own version, walked all eighteen directories and
  reported its own end status.

  Exactly one manifest-shaped file exists in the twelve authoritative roots:

      core/src/main/resources/org/apache/spark/ui/static/package.json
      80 bytes, 5 lines
      sha256 43b4dcbf33dc23b3d62576dce22b371b1d0c852b05dfd73442e9c3e97a0b4717
      (measured in the pinned clone at /opt/spark-src)

      {
        "name": "spark-ui",
        "license": "Apache License 2.0",
        "type": "module"
      }

  A name, a license and a type. NO dependencies block, no package-lock.json
  beside it and no node_modules directory. So nothing in scope resolves to a
  package, and a scanner whose whole job is resolving packages has nothing to
  resolve. There is no pom.xml, no requirements*.txt, no setup.py, no
  pyproject.toml and no JAR anywhere in the eighteen directories.

  ZERO RESOLVABLE DEPENDENCY MANIFESTS IN SCOPE IS A FINDING TO REPORT WITH ITS
  PER-TOOL CONSEQUENCE, NOT A CONDITION TO FIX (AAP 0.3.2). The twelve globs were
  not widened to give this tool something to resolve: widening them would answer
  a scope question that is not this run's to answer and would silently change
  what every count in the dataset means. The allowlist's sha256 is unchanged, and
  the banner in STEP 3 carries that digest so the claim is checkable.

  This tool is also not to be reported as broken, and neither are the other two
  the same scope property reaches - dependency-check, which sees only vendored
  web assets, and trivy's vulnerability scanner, which resolves nothing.

================================================================================
FEED STATE AND THE REPRODUCIBILITY GAP, NAMED
================================================================================

  Data source        : the OSV API at https://api.osv.dev
  Local database     : NONE. This tool ships and seeds no local database; it
                       queries the API live at scan time. Stated by the runner
                       itself in STEP 3 ('database : none local - queries the OSV
                       API (https://api.osv.dev) at scan time'), by
                       runner-metadata.json (ruleset_or_feed_identity kind
                       'vulnerability_api'), and by harness/ENVIRONMENT.md
                       section 4. Expected identity and observed identity agree.
  Feed state         : NOT ATTEMPTED. Of the four required outcomes - attempted
                       and succeeded, attempted and failed, not attempted, not
                       reported - this run is 'not attempted', evidenced by the
                       tool's own '0 Extract calls' and its 'No package sources
                       found' message: it resolved no package, so it had nothing
                       to ask the API about.
  Network fetch      : NONE evidenced by the captured streams. No query, no
                       response, no rate-limit notice and no network error
                       appears in either stream. Recorded as observed rather than
                       asserted from configuration.

  NAMED REPRODUCIBILITY GAP - osv-scanner has no local database and no recorded
  digest for the data it would consult. Its counts are therefore NOT reproducible
  from anything on disk: an identical re-run against an API whose contents have
  moved can legitimately produce a different number, with nothing in the harness
  recording why. AAP 0.4.2 and 0.5.4 require that gap to be disclosed rather than
  left implicit, and this paragraph is the disclosure. It is a property of the
  tool's design, recorded rather than repaired - no local mirror was seeded and no
  digest was invented for it.

  The gap does not affect THIS run's numbers, because no query was made. It is
  disclosed anyway: a reader comparing this tool's zero against another run's
  number needs to know the count has no on-disk provenance behind it.

================================================================================
EXPECTED AGAINST OBSERVED
================================================================================

  Expectations are from the AAP's expected-values table and harness/ENVIRONMENT.md
  section 9. Under the authority rule the table governs any field it carries, and
  the environment record never overrides it. Differences below are RECORDED and
  none of them halts (AAP 0.9.3).

  Field                 Expected          Observed             Outcome
  exit code             128               128                  match
  artifact              none written      none written         match
  finding count         0                 0 (no artifact)      match
  output format         n/a - no artifact n/a - no artifact    match
  path base             scan root         scan root            match
  scan root             /opt/spark-src    /opt/spark-src       match
  tool version          2.5.1             2.5.1 (scalibr 0.5.2) match
  stdout                empty             empty, 0 bytes       match
  stderr message        "No package       identical, verbatim  match
                        sources found,    in STEP 6
                        --help for usage
                        information."
  dirs visited          640               640                  match
  inodes visited        4735              4735                 match
  Extract calls         0                 0                    match
  elapsed (harness)     0 s               3 s                  DIFFERENCE, recorded
  elapsed (tool's own)  295.514705 ms     2.103098503 s        DIFFERENCE, recorded

  On the two elapsed figures. Both describe the same walk over the same tree:
  the visited counts, the Extract-call count and the message are identical to the
  record's, so the difference is in how long the walk took and not in what it
  reached. AAP 0.9.3 records a per-tool elapsed-time difference and continues; no
  cause is asserted here, because none can be established from the captured
  streams. The harness figure is whole seconds by construction (scope_finish
  subtracts two `date +%s` readings), so 3 s and the tool's own 2.103 s are
  consistent with each other.

  Nothing in this comparison was trimmed, rounded or reconciled to make a figure
  fit. Where the record and this run differ, both values are given.

================================================================================
THE CONDITIONAL CONSEQUENCE - DECIDED HERE, NOT DEFERRED
================================================================================

  AAP 0.6.1 makes four deliverables conditional on this tool writing an artifact.
  The observed outcome is NO ARTIFACT, so the decision is:

      harness/lib/normalize/adapters/osv_scanner.py            NOT CREATED
      oss-scan-results/adapter-tests/fixtures/osv-scanner.json NOT CREATED
      oss-scan-results/adapter-tests/expected/osv-scanner.rows.json
                                                               NOT CREATED
      oss-scan-results/adapter-tests/test_osv_scanner_adapter.py
                                                               NOT CREATED

  Decided by the observed Stage 3 outcome and not left open. There is no artifact
  to route, so there is no adapter to write, no captured fixture to derive one
  from and no expected-rows file to hand-verify against. A fixture invented for a
  file the tool never wrote would be a fabricated measurement.

  Two consequences that follow and must not be lost:

  - RECONCILIATION for this tool is recorded as

        not applicable - artifact absent

    and NEVER as '0 = 0'. AAP 0.5.4 is explicit: the identity 'raw finding records
    = dataset rows + rejected records' presupposes an artifact to traverse. Zero
    equals zero would assert that a traversal happened and balanced, when no
    traversal was possible. The distinction is what keeps an absent artifact
    distinguishable from an artifact that parsed to nothing.

  - THE NINE-TOOL INVENTORY still carries osv-scanner. findings.json and
    findings.csv are row-only, so a tool with zero rows is by construction
    invisible in them. oss-scan-results/tool-status.md and
    oss-scan-results/severity-map.md are the authoritative inventory of all nine
    and each must hold an osv-scanner entry - tool-status.md with the full
    per-tool contract including the verbatim stderr and the completion verdict
    above, severity-map.md with the entry for a tool that contributed no row and
    therefore no native severity literal.

  Note that harness/lib/normalize/shape.py already declares an 'osv-scanner'
  routing key deliberately, so a legitimately written artifact would have been
  DETECTED by shape rather than falling into the unknown-shape halt. Detection is
  not routing, and the distinction matters: harness/lib/normalize/cli.py line 392
  declares CONDITIONAL_ADAPTER_MODULES = ("osv_scanner",) and lines 1133-1149
  raise MissingAdapterModule - reject class missing_adapter_module - because
  harness/lib/normalize/adapters/osv_scanner.py does not exist in this checkout,
  by the AAP 0.6.1 conditional this observed outcome decided. So the accurate
  statement is: the shape would be recognised, and normalization would then HALT
  with missing_adapter_module until the conditional adapter exists. It would not
  silently emit zero rows, and it would not route to another tool's adapter. The
  halt is the designed behaviour, not a gap - a recognised shape with no adapter
  must stop rather than be dropped - and the four conditional deliverables
  (adapter, fixture, expected rows, test module) are created together if and only
  if an artifact is written.

  CORRECTED after review. This paragraph previously read: 'so a legitimately
  written artifact would have routed rather than fallen into the halt path. A
  written artifact would have been handled, not a crisis; it simply was not
  written.' That conflated shape detection with adapter availability, and the
  same correction was applied to harness/artifacts/logs/osv-scanner.status,
  oss-scan-results/tool-status.md and
  oss-scan-results/adapter-tests/README.md. No measurement in this file changed:
  the exit code, both streams, the digests and the verdict are as captured.

================================================================================
THIS FILE'S OWN SIZE AND DIGEST
================================================================================

  The byte size and sha256 of this file are required for the manifest that
  oss-scan-results/run-record.md owns, which publishes both git-ignored artifact
  trees with per-file size and digest (.gitignore line 31 is 'artifacts/', so
  ordinary git collection excludes them).

  They are deliberately NOT stated inside this file: a digest of a file cannot be
  written into that same file without invalidating itself. They are computed after
  this file is written and recorded in that manifest, alongside the three
  runner-written files whose sizes and digests STEP 7 already carries.

================================================================================
WHAT THIS RUN DELIBERATELY DID NOT DO
================================================================================

  - It did not manufacture an artifact. No empty or placeholder osv-scanner.json
    was written to harness/artifacts/raw/, which STEP 7 verifies by listing.
  - It did not widen or narrow the twelve globs. The allowlist is byte-identical,
    sha256 0013edf6cdc3a48d69aed5d7db41cc6647cfd461d348f5e1d563ba85664143d1, and
    that digest appears in the runner's own banner.
  - It did not edit the runner, its baked flags, the environment file or the
    shared scope library. The only levers used were environment values the runner
    is written to consume, and this tool needed none of them beyond the scan
    target it already reads from SPARK_SRC.
  - It did not add --allow-no-lockfiles, or any other flag, to make the tool
    resolve something. The flag set is recorded exactly as provisioned.
  - It did not install, upgrade or substitute anything, and provisioned no
    credential. All four prohibited credential variables remain absent; this
    runner reads none and prints no credential line, and no credential value
    appears anywhere in this file.
  - It did not use an orchestrator. The runner was invoked directly and alone;
    harness/bin/ holds exactly the nine runners and no orchestrator exists.
  - It did not probe the runner with an argument. The guard at lines 15-18 was
    established by inspection, because a probe against a defective runner could
    scan for real and contaminate the raw tree.
  - It did not touch the pinned clone, which is shared read-only across
    concurrent clones and may have a sibling mid-scan against it, and it did not
    build or scan the working checkout.
  - It did not treat exit 128 as a failure, and it did not treat the tool's
    silence as a reason to halt. The verdict rests on the tool's own words.

================================================================================
END OF harness/artifacts/logs/osv-scanner.stdout.log
osv-scanner: exit 128, no artifact, COMPLETED with nothing in scope to resolve.
Companion files from the same invocation: osv-scanner.stderr.log (the classifying
words) and osv-scanner.status (the machine-readable trailer).
================================================================================

================================================================================
CORRECTION PASS - APPENDED AFTER THE ORIGINAL END-OF-FILE BANNER
finding F32 (MEDIUM, digest attribution)
================================================================================

  WHAT CHANGED IN THE TEXT ABOVE, and nothing else did. Two places in STEP 6 were
  rewritten in place at the same line count, so no line number in this file moved,
  and both superseded strings are quoted here verbatim:

    line 330, SUPERSEDED: '  969 bytes, 23 lines, sha256'
    lines 335-337, SUPERSEDED:
      'is reproduced in full and nothing is paraphrased. Its authoritative copy is the
       sibling deliverable harness/artifacts/logs/osv-scanner.stderr.log, whose bytes
       and digest are the ones above.'

  The embedded capture between the BEGIN CAPTURE and END CAPTURE markers at lines
  339-361 is untouched, byte for byte, including its end-status line and its final
  'No package sources found' line. No figure inside it was altered and osv-scanner
  was not re-invoked.

--------------------------------------------------------------------------------
THE TWO DEFECTS, AND WHAT EACH FIGURE IS ACTUALLY A FIGURE OF
--------------------------------------------------------------------------------

  DEFECT 1 - the line count was wrong. '23 lines' was stated; the stream is 21.

  DEFECT 2 - the digest was attributed to the wrong file. ad7df520... is the digest
  of the capture embedded in THIS file, not of the committed sibling
  harness/artifacts/logs/osv-scanner.stderr.log, whose digest is 021347c7....

  MEASURED DURING THIS CORRECTION PASS:

  $ sed -n '340,360p' harness/artifacts/logs/osv-scanner.stdout.log > <scratch>/A
  $ wc -lc <scratch>/A
  21 969
  $ sha256sum <scratch>/A
  ad7df520bc9f146fbb1e59e4cce07392b7f5db969bc638ced1d640c02c4cb014

  $ wc -lc harness/artifacts/logs/osv-scanner.stderr.log
  21 969
  $ sha256sum harness/artifacts/logs/osv-scanner.stderr.log
  021347c72dcd98e06b26c579164cded04c26b0eacc203aff07d5eb0487f2c401

  $ diff <scratch>/A harness/artifacts/logs/osv-scanner.stderr.log
  20c20
  < End status: 640 dirs visited, 4735 inodes visited, 0 Extract calls, 2.103098503s elapsed, 2.103098903s wall time
  ---
  > End status: 640 dirs visited, 4735 inodes visited, 0 Extract calls, 296.253311ms elapsed, 296.253503ms wall time

  So the two streams are the same 21 lines and the same 969 bytes and differ in
  exactly ONE line - the tool's own internal elapsed figure - which is why their
  digests differ. Both captures were already recorded, with their provenance, in
  harness/artifacts/logs/osv-scanner.status lines 292-299:
      capture_a_tool_internal_elapsed=2.103098503s   capture_a_stderr_sha256=ad7df520...
      capture_b_tool_internal_elapsed=296.253311ms   capture_b_stderr_sha256=021347c7...
  What was missing was the binding of each figure to the capture it belongs to, and
  that is what this correction supplies. Both captures are kept; neither is dropped
  in favour of the other, and no cause for the timing difference is asserted.

--------------------------------------------------------------------------------
THE CLASSIFYING VERDICT IS UNAFFECTED
--------------------------------------------------------------------------------

  The verdict rests on what the tool said, and both captures say the same thing in
  the same words: eighteen 'Scanning dir' lines covering the eighteen allowlist
  directories, then 'No package sources found, --help for usage information.' The
  tool therefore COMPLETED with nothing in scope to resolve, in its own words, and
  the run continues - AAP 0.5.4's artifact-absent-with-a-stated-reason case rather
  than 0.9.2's halt. That classification is not weakened by this correction, and
  neither the exit code 128 nor any count in either capture was altered.

================================================================================
END OF THE CORRECTION PASS APPENDED TO harness/artifacts/logs/osv-scanner.stdout.log
================================================================================
