SEC-02 RUNTIME RE-VERIFICATION -- graph identity against every record of account
run at   : 2026-09-02T20:50:33Z
gate     : harness/lib/preflight_graph_identity.py (--check-only throughout)
ordering evidence before any case: 2625 B 608f924566338d3cc24e612bfcac0b9d1f41c055a8bacd26bf41a1aa21a36da0
the graph on disk : 541309809 bytes  4616845ab2b0de2b8e7d43598de0e18c2302be233149b933af3098b0aa4730c7

====================================================================================
== CASE 1: the canonical graph -- the provisioning record and ENVIRONMENT.md section 7 disagree
====================================================================================
  FATAL:
    the records of account DISAGREE, so no identity can be adjudicated and nothing may be
    loaded. /opt/blitzy-harness/provision-log/cpg-identity.txt (provisioning record of account
    for the graph this run did not write) states 541,309,809 bytes /
    4616845ab2b0de2b8e7d43598de0e18c2302be233149b933af3098b0aa4730c7;
    /opt/blitzy-harness/provision-log/cpg-record.txt (provisioning record of account for the
    graph this run did not write) states 541,309,809 bytes /
    4616845ab2b0de2b8e7d43598de0e18c2302be233149b933af3098b0aa4730c7;
    /tmp/blitzy/blitzy-spark/blitzy-f38258d3-f87d-44f5-bedc-af512c69e0ab-w-026_42ec90/harness/ENVIRONMENT.md
    (declared record: harness/ENVIRONMENT.md section 7, the authoritative environment record)
    states 541,255,894 bytes / 26d327ccee096aa4c8d67018b32669f2a318331cf873922286774734177fcffc.
    This gate does not resolve the disagreement by adopting whichever record matches the bytes
    on disk -- a check that picks the answer it likes is not a check. AAP 0.1.3's fourth case
    governs: an observable fact contradicting the environment record on a field the
    expected-values table does not anchor is recorded with BOTH values and the run stops.
    Resolving it is a PROVISIONING act -- replace the graph and its record together, atomically,
    so one identity describes one set of bytes -- and not something a clone may do:
    harness/ENVIRONMENT.md is REFERENCE under AAP 0.6.1 and the graph is provisioned shared
    state.
====================================================================================
exit     : 77 (expected 77 -- refusal)

====================================================================================
== CASE 2: the fake-graph case the report marks PASS for the gated route -- must still refuse
====================================================================================
subject  : /tmp/blitzy/scratch/f38258d3-f87d-44f5-bedc-af512c69e0ab/w-026/g2/fake-graph/spark.cpg (34 bytes)
  Recorded size           : 541,255,894 bytes
  Recorded sha256         : 26d327ccee096aa4c8d67018b32669f2a318331cf873922286774734177fcffc
      size      : 34 bytes   MISMATCH
      sha256    : f195b3db3d60f72b4ca738be9d9d28f0a322b565b2d62df0fa300f787bb58e1e   MISMATCH
      size      : 541,309,809 bytes   MISMATCH
      sha256    : 4616845ab2b0de2b8e7d43598de0e18c2302be233149b933af3098b0aa4730c7   MISMATCH
VERDICT: HALT
exit     : 77 (expected 77 -- refusal)

====================================================================================
== CASE 3: section 7 absent -- a parse failure must be its own named configuration fault, never agreement
====================================================================================
  CONFIGURATION FAULT:
    /tmp/blitzy/scratch/f38258d3-f87d-44f5-bedc-af512c69e0ab/w-026/g2/fakeroot-no-section/harness/ENVIRONMENT.md
    carries no '## 7.' section, so the declared graph identity could not be located. Section 7
    is where the record states the graph's byte size and sha256.

  Nothing was measured against a record, and nothing may be loaded. Correct
  the record (harness/ENVIRONMENT.md section 7) and
  re-run; this gate does not repair a document it is required to read.
====================================================================================
exit     : 78 (expected 78 -- configuration fault)

====================================================================================
== CASE 4: section 7 declaring two byte counts -- ambiguous, so it cannot adjudicate
====================================================================================
  CONFIGURATION FAULT:
    /tmp/blitzy/scratch/f38258d3-f87d-44f5-bedc-af512c69e0ab/w-026/g2/fakeroot-two-bytes/harness/ENVIRONMENT.md
    section 7 must declare exactly one 'Bytes' row and one 'sha256' row; found 2 distinct byte
    count(s) and 1 distinct digest(s). Neither an absent declaration nor an ambiguous one can
    adjudicate an identity check, and neither may be read as agreement with the bytes on disk.

  Nothing was measured against a record, and nothing may be loaded. Correct
  the record (harness/ENVIRONMENT.md section 7) and
  re-run; this gate does not repair a document it is required to read.
====================================================================================
exit     : 78 (expected 78 -- configuration fault)

====================================================================================
== CASE 5: section 7 whose sha256 row is not a digest
====================================================================================
  CONFIGURATION FAULT:
    /tmp/blitzy/scratch/f38258d3-f87d-44f5-bedc-af512c69e0ab/w-026/g2/fakeroot-bad-sha/harness/ENVIRONMENT.md
    section 7 has a 'sha256' row whose value is not a 64-character hex digest: 'not-a-digest'.

  Nothing was measured against a record, and nothing may be loaded. Correct
  the record (harness/ENVIRONMENT.md section 7) and
  re-run; this gate does not repair a document it is required to read.
====================================================================================
exit     : 78 (expected 78 -- configuration fault)

====================================================================================
== CASE 6: the environment record absent altogether
====================================================================================
  CONFIGURATION FAULT:
    the authoritative environment record
    /tmp/blitzy/scratch/f38258d3-f87d-44f5-bedc-af512c69e0ab/w-026/g2/fakeroot-absent/harness/ENVIRONMENT.md
    is absent, so its declared graph identity could not be read. It is provisioned rather than
    tracked (AAP 0.6.1 marks it REFERENCE); a clone without it is incompletely provisioned, and
    this gate will not certify a graph against a record that is not there.

  Nothing was measured against a record, and nothing may be loaded. Correct
  the record (harness/ENVIRONMENT.md section 7) and
  re-run; this gate does not repair a document it is required to read.
====================================================================================
exit     : 78 (expected 78 -- configuration fault)

====================================================================================
== CASE 7: what the provisioning fix looks like: the same canonical graph, against a section 7 corrected to the bytes on disk
====================================================================================
fake root: /tmp/blitzy/scratch/f38258d3-f87d-44f5-bedc-af512c69e0ab/w-026/g2/fakeroot-corrected (its section 7 declares 541,309,809 / 4616845a...; nothing in the real
           checkout was edited -- harness/ENVIRONMENT.md is REFERENCE)
  Record of account       : /opt/blitzy-harness/provision-log/cpg-identity.txt
  Its provenance          : provisioning record of account for the graph this run did not write
  Corroborated by         : /opt/blitzy-harness/provision-log/cpg-record.txt, /tmp/blitzy/scratch/f38258d3-f87d-44f5-bedc-af512c69e0ab/w-026/g2/fakeroot-corrected/harness/ENVIRONMENT.md, which agree
  Recorded size           : 541,309,809 bytes
  Recorded sha256         : 4616845ab2b0de2b8e7d43598de0e18c2302be233149b933af3098b0aa4730c7
      size      : 541,309,809 bytes   MATCH
      sha256    : 4616845ab2b0de2b8e7d43598de0e18c2302be233149b933af3098b0aa4730c7   MATCH
VERDICT: PASS
exit     : 0 (expected 0 -- one identity describing one set of bytes)

ordering evidence after every case: 2625 B 608f924566338d3cc24e612bfcac0b9d1f41c055a8bacd26bf41a1aa21a36da0
end: 2026-09-02T20:50:38Z

--------------------------------------------------------------------------------
SUPERSESSION APPENDED 2026-09-03
--------------------------------------------------------------------------------
Nothing above is edited. Every case above ran at 2026-09-02T20:50:33Z against the
graph that stood on disk then, and line 5 states that graph's identity as a bare
present-tense fact because it was one at the time:
    541309809 bytes  4616845ab2b0de2b8e7d43598de0e18c2302be233149b933af3098b0aa4730c7
The graph was rebuilt on 2026-09-03 and the pair on disk is now
    547980224 bytes  325887cf6c65377b1c5b9c127b1ea16807463313e82baf14cabb0e5c5aba3dc6
with methods 1,398,964 / type declarations 119,860 / files 45,037. So the MATCH
verdicts above are evidence that the gate agreed with the records of account on
2026-09-02, not that either states the identity in use. The gate was re-run against
the re-anchored records on 2026-09-03: harness/lib/preflight_graph_identity.py
--check-only exits 0, and the current run of it is published at
harness/artifacts/logs/joern-preflight.log (hyphen, not the dot-named
joern.preflight.log, which is the 2026-08-24 run of the same gate): its line 36
carries `Checked at (UTC) : 2026-09-03T09:07:46Z` and its lines 48 and 57 the live
sha256 with verdict MATCH. Write-time owners of the live pair are
/opt/blitzy-harness/provision-log/{cpg-identity.txt,cpg-record.txt}; the counts come
from harness/artifacts/logs/cpg-verify.log PART 3.
